minishell: unexpected EOF while looking for matching `''
minishell: parser: unexpected end of file
