minishell: unexpected token `newline' while looking for matching `"'
minishell: parser: unexpected token `newline'
