minishell: syntax error: syntax error near unexpected token `newline'
