minishell: cd: /./..///./INVALID/../: No such file or directory
