minishell: zettai_sonnzai_shinai_file: No such file or directory
